1. Run a command to check the Linux distribution name and version of the operating system installed on your machine
brindha@BrindhaKavin:~$ cat /etc/os-release
PRETTY_NAME="Ubuntu 24.04.3 LTS"
NAME="Ubuntu"
VERSION_ID="24.04"
VERSION="24.04.3 LTS (Noble Numbat)"
VERSION_CODENAME=noble
ID=ubuntu
ID_LIKE=debian
HOME_URL="https://www.ubuntu.com/"
SUPPORT_URL="https://help.ubuntu.com/"
BUG_REPORT_URL="https://bugs.launchpad.net/ubuntu/"
PRIVACY_POLICY_URL="https://www.ubuntu.com/legal/terms-and-policies/privacy-policy"
UBUNTU_CODENAME=noble
LOGO=ubuntu-logo
------------------------------------------------------------------------------
2. Files & Directories:

Create directory /home/devops_project
Inside it, create 2 files: plan.txt and network_report.txt
Copy plan.txt to /tmp and delete the original

brindha@BrindhaKavin:~$ mkdir devops_project
brindha@BrindhaKavin:~$ cd devops_project/
brindha@BrindhaKavin:~/devops_project$ touch plan.txt network_report.txt
brindha@BrindhaKavin:~/devops_project$ ls
network_report.txt  plan.txt
brindha@BrindhaKavin:~/devops_project$ cp plan.txt /tmp/
brindha@BrindhaKavin:~/devops_project$ ls
network_report.txt  plan.txt
brindha@BrindhaKavin:~/devops_project$ ls -a
.  ..  network_report.txt  plan.txt
brindha@BrindhaKavin:~/devops_project$ rm plan.txt
brindha@BrindhaKavin:~/devops_project$ ls
network_report.txt
-------------------------------------------------------------------------------
3. Users & Permissions:

Create a user devstudent
Create a group devops_team
Add devstudent to devops_team
Create a file secrets.txt, and:
Change its owner to devstudent
Set permissions so only owner can read/write

brindha@BrindhaKavin:~/devops_project$ sudo adduser devstudent
[sudo] password for brindha:
info: Adding user `devstudent' ...
info: Selecting UID/GID from range 1000 to 59999 ...
info: Adding new group `devstudent' (1006) ...
info: Adding new user `devstudent' (1006) with group `devstudent (1006)' ...
info: Creating home directory `/home/devstudent' ...
info: Copying files from `/etc/skel' ...
New password:
Retype new password:
passwd: password updated successfully
Changing the user information for devstudent
Enter the new value, or press ENTER for the default
        Full Name []:
        Room Number []:
        Work Phone []:
        Home Phone []:
        Other []:
Is the information correct? [Y/n] Y
info: Adding new user `devstudent' to supplemental / extra groups `users' ...
info: Adding user `devstudent' to group `users' ...
brindha@BrindhaKavin:~/devops_project$ sudo addgroup devops_team
info: Selecting GID from range 1000 to 59999 ...
info: Adding group `devops_team' (GID 1007) ...
brindha@BrindhaKavin:~/devops_project$ sudo usermod -aG devops_team devstudent
brindha@BrindhaKavin:~/devops_project$ touch secrets.txt
brindha@BrindhaKavin:~/devops_project$ sudo chown devstudent secrets.txt
brindha@BrindhaKavin:~/devops_project$ chmod 600 secrets.txt
chmod: changing permissions of 'secrets.txt': Operation not permitted
brindha@BrindhaKavin:~/devops_project$ sudo chmod 600 secrets.txt
brindha@BrindhaKavin:~/devops_project$ ls -l secrets.txt
-rw------- 1 devstudent brindha 0 Feb  9 12:26 secrets.txt
---------------------------------------------------------------------------------------

4. File Compression:

Download a sample .log file from internet or create dummy one using echo
Compress it using gzip and tar
brindha@BrindhaKavin:~/devops_project$ vi sample.log
brindha@BrindhaKavin:~/devops_project$ cat sample.log
This is a dummy log file.

Linux machine started
Running successfully
Network intereption


brindha@BrindhaKavin:~/devops_project$ gzip sample.log
brindha@BrindhaKavin:~/devops_project$ ls
network_report.txt  sample.log.gz  secrets.txt
brindha@BrindhaKavin:~/devops_project$ gunzip sample.log.gz
brindha@BrindhaKavin:~/devops_project$ ls
network_report.txt  sample.log  secrets.txt
brindha@BrindhaKavin:~/devops_project$ tar -cvf sample.tar sample.log
sample.log
brindha@BrindhaKavin:~/devops_project$ ls
network_report.txt  sample.log  sample.tar  secrets.txt
brindha@BrindhaKavin:~/devops_project$ cat sample.tar
sample.log0000644000175000017500000000013515142343117012642 0ustar  brindhabrindhaThis is a dummy log file.

Linux machine started
Running successfully
Network intereption


brindha@BrindhaKavin:~/devops_project$ gzip sample.tar
brindha@BrindhaKavin:~/devops_project$ ls
network_report.txt  sample.log  sample.tar.gz  secrets.txt
---------------------------------------------------------------------------------------------------
5. Package Management:

Install curl, htop, and net-tools using apt
Show which and --version outputs

brindha@BrindhaKavin:~/devops_project$ sudo apt update
Hit:1 http://archive.ubuntu.com/ubuntu noble InRelease
Get:2 http://security.ubuntu.com/ubuntu noble-security InRelease [126 kB]
Hit:3 https://download.docker.com/linux/ubuntu noble InRelease
Get:4 http://archive.ubuntu.com/ubuntu noble-updates InRelease [126 kB]
Get:5 https://packages.microsoft.com/repos/code stable InRelease [3590 B]
Get:6 https://apt.releases.hashicorp.com noble InRelease [12.9 kB]
Get:7 http://archive.ubuntu.com/ubuntu noble-backports InRelease [126 kB]
Get:8 http://security.ubuntu.com/ubuntu noble-security/main amd64 Packages [1446 kB]
Get:9 http://security.ubuntu.com/ubuntu noble-security/main Translation-en [234 kB]
Get:10 http://security.ubuntu.com/ubuntu noble-security/main amd64 Components [21.5 kB]
Get:11 http://security.ubuntu.com/ubuntu noble-security/universe amd64 Packages [929 kB]
Get:12 https://packages.microsoft.com/repos/code stable/main amd64 Packages [22.9 kB]
Get:13 http://security.ubuntu.com/ubuntu noble-security/universe amd64 Components [74.2 kB]
Get:14 http://security.ubuntu.com/ubuntu noble-security/restricted amd64 Packages [2445 kB]
Get:15 http://security.ubuntu.com/ubuntu noble-security/restricted Translation-en [562 kB]
Get:16 http://security.ubuntu.com/ubuntu noble-security/restricted amd64 Components [208 B]
Get:17 http://security.ubuntu.com/ubuntu noble-security/multiverse amd64 Components [208 B]
Get:18 https://apt.releases.hashicorp.com noble/main amd64 Packages [220 kB]
Get:19 http://archive.ubuntu.com/ubuntu noble-updates/main amd64 Packages [1740 kB]
Get:20 http://archive.ubuntu.com/ubuntu noble-updates/main Translation-en [324 kB]
Get:21 http://archive.ubuntu.com/ubuntu noble-updates/main amd64 Components [175 kB]
Get:22 http://archive.ubuntu.com/ubuntu noble-updates/main amd64 c-n-f Metadata [16.5 kB]
Get:23 http://archive.ubuntu.com/ubuntu noble-updates/universe amd64 Packages [1528 kB]
Get:24 http://archive.ubuntu.com/ubuntu noble-updates/universe Translation-en [313 kB]
Get:25 http://archive.ubuntu.com/ubuntu noble-updates/universe amd64 Components [386 kB]
Get:26 http://archive.ubuntu.com/ubuntu noble-updates/restricted amd64 Packages [2588 kB]
Get:27 http://archive.ubuntu.com/ubuntu noble-updates/restricted Translation-en [593 kB]
Get:28 http://archive.ubuntu.com/ubuntu noble-updates/restricted amd64 Components [212 B]
Get:29 http://archive.ubuntu.com/ubuntu noble-updates/multiverse amd64 Components [940 B]
Get:30 http://archive.ubuntu.com/ubuntu noble-backports/main amd64 Components [7284 B]
Get:31 http://archive.ubuntu.com/ubuntu noble-backports/universe amd64 Components [10.5 kB]
Get:32 http://archive.ubuntu.com/ubuntu noble-backports/restricted amd64 Components [216 B]
Get:33 http://archive.ubuntu.com/ubuntu noble-backports/multiverse amd64 Components [212 B]
Fetched 14.0 MB in 3s (5056 kB/s)
Reading package lists... Done
Building dependency tree... Done
Reading state information... Done
6 packages can be upgraded. Run 'apt list --upgradable' to see them.
brindha@BrindhaKavin:~/devops_project$ sudo apt install curl htop net-tools -y
Reading package lists... Done
Building dependency tree... Done
Reading state information... Done
curl is already the newest version (8.5.0-2ubuntu10.6).
net-tools is already the newest version (2.10-0.1ubuntu4.4).
The following packages were automatically installed and are no longer required:
  libllvm19 libwayland-server0
Use 'sudo apt autoremove' to remove them.
Suggested packages:
  lm-sensors strace
The following NEW packages will be installed:
  htop libnl-3-200 libnl-genl-3-200
0 upgraded, 3 newly installed, 0 to remove and 6 not upgraded.
Need to get 238 kB of archives.
After this operation, 665 kB of additional disk space will be used.
Get:1 http://archive.ubuntu.com/ubuntu noble-updates/main amd64 libnl-3-200 amd64 3.7.0-0.3build1.1 [55.7 kB]
Get:2 http://archive.ubuntu.com/ubuntu noble-updates/main amd64 libnl-genl-3-200 amd64 3.7.0-0.3build1.1 [12.2 kB]
Get:3 http://archive.ubuntu.com/ubuntu noble/main amd64 htop amd64 3.3.0-4build1 [171 kB]
Fetched 238 kB in 0s (1017 kB/s)
Selecting previously unselected package libnl-3-200:amd64.
(Reading database ... 81753 files and directories currently installed.)
Preparing to unpack .../libnl-3-200_3.7.0-0.3build1.1_amd64.deb ...
Unpacking libnl-3-200:amd64 (3.7.0-0.3build1.1) ...
Selecting previously unselected package libnl-genl-3-200:amd64.
Preparing to unpack .../libnl-genl-3-200_3.7.0-0.3build1.1_amd64.deb ...
Unpacking libnl-genl-3-200:amd64 (3.7.0-0.3build1.1) ...
Selecting previously unselected package htop.
Preparing to unpack .../htop_3.3.0-4build1_amd64.deb ...
Unpacking htop (3.3.0-4build1) ...
Setting up libnl-3-200:amd64 (3.7.0-0.3build1.1) ...
Setting up libnl-genl-3-200:amd64 (3.7.0-0.3build1.1) ...
Setting up htop (3.3.0-4build1) ...
Processing triggers for man-db (2.12.0-4build2) ...
Processing triggers for hicolor-icon-theme (0.17-2) ...
Processing triggers for libc-bin (2.39-0ubuntu8.7) ...
brindha@BrindhaKavin:~/devops_project$ which curl
/usr/bin/curl
brindha@BrindhaKavin:~/devops_project$ which htop
/usr/bin/htop
brindha@BrindhaKavin:~/devops_project$ which ifconfig
/usr/sbin/ifconfig
brindha@BrindhaKavin:~/devops_project$ curl --version
curl 8.5.0 (x86_64-pc-linux-gnu) libcurl/8.5.0 OpenSSL/3.0.13 zlib/1.3 brotli/1.1.0 zstd/1.5.5 libidn2/2.3.7 libpsl/0.21.2 (+libidn2/2.3.7) libssh/0.10.6/openssl/zlib nghttp2/1.59.0 librtmp/2.3 OpenLDAP/2.6.10
Release-Date: 2023-12-06, security patched: 8.5.0-2ubuntu10.6
Protocols: dict file ftp ftps gopher gophers http https imap imaps ldap ldaps mqtt pop3 pop3s rtmp rtsp scp sftp smb smbs smtp smtps telnet tftp
Features: alt-svc AsynchDNS brotli GSS-API HSTS HTTP2 HTTPS-proxy IDN IPv6 Kerberos Largefile libz NTLM PSL SPNEGO SSL threadsafe TLS-SRP UnixSockets zstd
brindha@BrindhaKavin:~/devops_project$ htop --version
htop 3.3.0
brindha@BrindhaKavin:~/devops_project$ ifconfig --version
net-tools 2.10
---------------------------------------------------------------------------------------------------

6. Run and shortly explain outputs of the following commands:

ip a or ifconfig
ping google.com -c 4
traceroute google.com
nslookup google.com

brindha@BrindhaKavin:~/devops_project$ ifconfig
br-078d01621194: flags=4099<UP,BROADCAST,MULTICAST>  mtu 1500
        inet 172.18.0.1  netmask 255.255.0.0  broadcast 172.18.255.255
        ether 5e:a9:d6:de:43:42  txqueuelen 0  (Ethernet)
        RX packets 0  bytes 0 (0.0 B)
        RX errors 0  dropped 0  overruns 0  frame 0
        TX packets 0  bytes 0 (0.0 B)
        TX errors 0  dropped 0 overruns 0  carrier 0  collisions 0

docker0: flags=4099<UP,BROADCAST,MULTICAST>  mtu 1500
        inet 172.17.0.1  netmask 255.255.0.0  broadcast 172.17.255.255
        ether 4a:98:4d:f6:e7:a1  txqueuelen 0  (Ethernet)
        RX packets 0  bytes 0 (0.0 B)
        RX errors 0  dropped 0  overruns 0  frame 0
        TX packets 0  bytes 0 (0.0 B)
        TX errors 0  dropped 0 overruns 0  carrier 0  collisions 0

eth0: flags=4163<UP,BROADCAST,RUNNING,MULTICAST>  mtu 1500
        inet 172.29.70.86  netmask 255.255.240.0  broadcast 172.29.79.255
        inet6 fe80::215:5dff:fee0:86dc  prefixlen 64  scopeid 0x20<link>
        ether 00:15:5d:e0:86:dc  txqueuelen 1000  (Ethernet)
        RX packets 10264  bytes 15297786 (15.2 MB)
        RX errors 0  dropped 0  overruns 0  frame 0
        TX packets 1273  bytes 108886 (108.8 KB)
        TX errors 0  dropped 0 overruns 0  carrier 0  collisions 0

lo: flags=73<UP,LOOPBACK,RUNNING>  mtu 65536
        inet 127.0.0.1  netmask 255.0.0.0
        inet6 ::1  prefixlen 128  scopeid 0x10<host>
        loop  txqueuelen 1000  (Local Loopback)
        RX packets 92  bytes 11340 (11.3 KB)
        RX errors 0  dropped 0  overruns 0  frame 0
        TX packets 92  bytes 11340 (11.3 KB)
        TX errors 0  dropped 0 overruns 0  carrier 0  collisions 0

brindha@BrindhaKavin:~/devops_project$ ip a
1: lo: <LOOPBACK,UP,LOWER_UP> mtu 65536 qdisc noqueue state UNKNOWN group default qlen 1000
    link/loopback 00:00:00:00:00:00 brd 00:00:00:00:00:00
    inet 127.0.0.1/8 scope host lo
       valid_lft forever preferred_lft forever
    inet 10.255.255.254/32 brd 10.255.255.254 scope global lo
       valid_lft forever preferred_lft forever
    inet6 ::1/128 scope host
       valid_lft forever preferred_lft forever
2: eth0: <BROADCAST,MULTICAST,UP,LOWER_UP> mtu 1500 qdisc mq state UP group default qlen 1000
    link/ether 00:15:5d:e0:86:dc brd ff:ff:ff:ff:ff:ff
    inet 172.29.70.86/20 brd 172.29.79.255 scope global eth0
       valid_lft forever preferred_lft forever
    inet6 fe80::215:5dff:fee0:86dc/64 scope link
       valid_lft forever preferred_lft forever
3: br-078d01621194: <NO-CARRIER,BROADCAST,MULTICAST,UP> mtu 1500 qdisc noqueue state DOWN group default
    link/ether 5e:a9:d6:de:43:42 brd ff:ff:ff:ff:ff:ff
    inet 172.18.0.1/16 brd 172.18.255.255 scope global br-078d01621194
       valid_lft forever preferred_lft forever
4: docker0: <NO-CARRIER,BROADCAST,MULTICAST,UP> mtu 1500 qdisc noqueue state DOWN group default
    link/ether 4a:98:4d:f6:e7:a1 brd ff:ff:ff:ff:ff:ff
    inet 172.17.0.1/16 brd 172.17.255.255 scope global docker0
       valid_lft forever preferred_lft forever
brindha@BrindhaKavin:~/devops_project$ ping google.com -c 4
PING google.com (142.250.180.14) 56(84) bytes of data.
64 bytes from lhr25s32-in-f14.1e100.net (142.250.180.14): icmp_seq=1 ttl=118 time=7.42 ms
64 bytes from lhr25s32-in-f14.1e100.net (142.250.180.14): icmp_seq=2 ttl=118 time=9.62 ms
64 bytes from lhr25s32-in-f14.1e100.net (142.250.180.14): icmp_seq=3 ttl=118 time=9.55 ms
64 bytes from lhr25s32-in-f14.1e100.net (142.250.180.14): icmp_seq=4 ttl=118 time=8.30 ms

--- google.com ping statistics ---
4 packets transmitted, 4 received, 0% packet loss, time 3122ms
rtt min/avg/max/mdev = 7.424/8.723/9.621/0.916 ms
brindha@BrindhaKavin:~/devops_project$ traceroute google.com
Command 'traceroute' not found, but can be installed with:
sudo apt install traceroute            # version 1:2.1.5-1, or
sudo apt install inetutils-traceroute  # version 2:2.5-3ubuntu4.1
brindha@BrindhaKavin:~/devops_project$ sudo apt install traceroute
Reading package lists... Done
Building dependency tree... Done
Reading state information... Done
The following packages were automatically installed and are no longer required:
  libllvm19 libwayland-server0
Use 'sudo apt autoremove' to remove them.
The following NEW packages will be installed:
  traceroute
0 upgraded, 1 newly installed, 0 to remove and 6 not upgraded.
Need to get 60.5 kB of archives.
After this operation, 162 kB of additional disk space will be used.
Get:1 http://archive.ubuntu.com/ubuntu noble/universe amd64 traceroute amd64 1:2.1.5-1 [60.5 kB]
Fetched 60.5 kB in 0s (318 kB/s)
Selecting previously unselected package traceroute.
(Reading database ... 81777 files and directories currently installed.)
Preparing to unpack .../traceroute_1%3a2.1.5-1_amd64.deb ...
Unpacking traceroute (1:2.1.5-1) ...
Setting up traceroute (1:2.1.5-1) ...
update-alternatives: using /usr/bin/traceroute.db to provide /usr/bin/traceroute (traceroute) in auto mode
update-alternatives: using /usr/bin/traceroute6.db to provide /usr/bin/traceroute6 (traceroute6) in auto mode
update-alternatives: using /usr/bin/lft.db to provide /usr/bin/lft (lft) in auto mode
update-alternatives: using /usr/bin/traceproto.db to provide /usr/bin/traceproto (traceproto) in auto mode
update-alternatives: using /usr/sbin/tcptraceroute.db to provide /usr/sbin/tcptraceroute (tcptraceroute) in auto mode
Processing triggers for man-db (2.12.0-4build2) ...
brindha@BrindhaKavin:~/devops_project$ traceroute google.com
traceroute to google.com (142.250.180.14), 30 hops max, 60 byte packets
 1  Brindha_Kavin.mshome.net (172.29.64.1)  0.546 ms  0.512 ms  0.498 ms
 2  home (192.168.1.1)  2.103 ms  2.088 ms  2.074 ms
 3  1-22-254-92.ftth.glasoperator.nl (92.254.22.1)  4.120 ms  4.083 ms  4.068 ms
 4  10.227.149.111 (10.227.149.111)  7.079 ms  7.065 ms  6.616 ms
 5  10.226.9.52 (10.226.9.52)  7.081 ms  7.062 ms  7.049 ms
 6  * * *
 7  74.125.50.94 (74.125.50.94)  5.761 ms * *
 8  * * *
 9  ncamsa-ai-in-f14.1e100.net (142.250.180.14)  8.102 ms  8.079 ms 142.251.48.174 (142.251.48.174)  8.453 ms
brindha@BrindhaKavin:~/devops_project$ nslookup google.com
Server:         10.255.255.254
Address:        10.255.255.254#53

Non-authoritative answer:
Name:   google.com
Address: 142.250.180.14
Name:   google.com
Address: 2a00:1450:400e:802::200e

brindha@BrindhaKavin:~/devops_project$ vi explanation.txt
brindha@BrindhaKavin:~/devops_project$ cat explanation.txt


ip a/ifconfig - Shows network interfaces and IP address
ping -c 4 - Tests connectivity and response time
traceroute - Shows route packets take to destination
nslookup - Resolves domain name to IP address
----------------------------------------------------------------------------------------------------


